2025-04-17 23:40:26,364 INFO     Main Pipeline: Starting main pipeline execution...
2025-04-17 23:40:26,636 INFO     Processing section 'DAILY DRILLING REPORT' from dbfs:/mnt/mini-proj-dd/cropped_sections/page_1_section_1.png...
2025-04-17 23:40:26,637 INFO     DailyDrillingReportPipeline: Processing started for image 'dbfs:/mnt/mini-proj-dd/cropped_sections/page_1_section_1.png'.
2025-04-17 23:40:26,639 INFO     Reading image from: /dbfs/mnt/mini-proj-dd/cropped_sections/page_1_section_1.png
2025-04-17 23:40:37,948 INFO     DailyDrillingReportPipeline: OCR extraction complete.
2025-04-17 23:40:37,951 INFO     DailyDrillingReportPipeline: Processing complete.
2025-04-17 23:40:38,002 INFO     Section 'DAILY DRILLING REPORT' processed successfully.
2025-04-17 23:40:38,003 INFO     Processing section 'WELL/JOB INFORMATION' from dbfs:/mnt/mini-proj-dd/cropped_sections/page_1_section_2.png...
2025-04-17 23:40:38,004 INFO     WellJobInfoPipeline: Processing started for image 'dbfs:/mnt/mini-proj-dd/cropped_sections/page_1_section_2.png'.
2025-04-17 23:40:38,005 INFO     Reading image from: /dbfs/mnt/mini-proj-dd/cropped_sections/page_1_section_2.png
2025-04-17 23:40:39,021 INFO     WellJobInfoPipeline: Processing complete.
2025-04-17 23:40:39,064 INFO     Section 'WELL/JOB INFORMATION' processed successfully.
2025-04-17 23:40:39,065 INFO     Processing section 'MUD' from dbfs:/mnt/mini-proj-dd/cropped_sections/page_1_section_3.png...
2025-04-17 23:40:39,066 INFO     MudPipeline: Processing started for image 'dbfs:/mnt/mini-proj-dd/cropped_sections/page_1_section_3.png'.
2025-04-17 23:40:39,069 INFO     Reading image from: /dbfs/mnt/mini-proj-dd/cropped_sections/page_1_section_3.png
2025-04-17 23:40:47,780 INFO     MudPipeline: Processing complete.
2025-04-17 23:40:47,823 INFO     Section 'MUD' processed successfully.
2025-04-17 23:40:47,824 INFO     Processing section 'SURVEY DATA' from dbfs:/mnt/mini-proj-dd/cropped_sections/page_1_section_4.png...
2025-04-17 23:40:47,825 INFO     Reading image from: /dbfs/mnt/mini-proj-dd/cropped_sections/page_1_section_4.png
2025-04-17 23:40:51,844 INFO     Grouped Row 0: SURVEY DATA | SURVEY DATA
2025-04-17 23:40:51,846 INFO     Grouped Row 1: MD Inclination Azimuth DLS TVD
2025-04-17 23:40:51,848 INFO     Grouped Row 2: 20,286 89.20 179.98 0.67 10,716
19,906 89.76 179.81 0.15 10,713 20,286 89.20 179.98 0.67 10,716
2025-04-17 23:40:51,850 INFO     Grouped Row 3: 20,191 89.23 179.34 0.51 10,715
2025-04-17 23:40:51,851 INFO     Grouped Row 4: 20,096 89.65 179.59 0.55 10,714
2025-04-17 23:40:51,852 INFO     Grouped Row 5: 20,001 89.65 180.11 0.34 10,714
2025-04-17 23:40:51,853 INFO     All extracted lines: ['SURVEY DATA | SURVEY DATA', 'MD Inclination Azimuth DLS TVD', '20,286 89.20 179.98 0.67 10,716', '19,906 89.76 179.81 0.15 10,713 20,286 89.20 179.98 0.67 10,716', '20,191 89.23 179.34 0.51 10,715', '20,096 89.65 179.59 0.55 10,714', '20,001 89.65 180.11 0.34 10,714']
2025-04-17 23:40:51,854 INFO     Data lines to parse: [['20,286', '89.20', '179.98', '0.67', '10,716'], ['19,906', '89.76', '179.81', '0.15', '10,713'], ['20,191', '89.23', '179.34', '0.51', '10,715'], ['20,096', '89.65', '179.59', '0.55', '10,714'], ['20,001', '89.65', '180.11', '0.34', '10,714']]
2025-04-17 23:40:51,900 INFO     Section 'SURVEY DATA' processed successfully.
2025-04-17 23:40:51,901 INFO     Processing section 'DIR INFO' from dbfs:/mnt/mini-proj-dd/cropped_sections/page_1_section_5.png...
2025-04-17 23:40:51,902 INFO     DirInfoPipeline: Processing started for image 'dbfs:/mnt/mini-proj-dd/cropped_sections/page_1_section_5.png'.
2025-04-17 23:40:51,903 INFO     Reading image from: /dbfs/mnt/mini-proj-dd/cropped_sections/page_1_section_5.png
2025-04-17 23:40:54,433 INFO     DirInfoPipeline: Processing complete.
2025-04-17 23:40:54,474 INFO     Section 'DIR INFO' processed successfully.
2025-04-17 23:40:54,474 INFO     Processing section 'DRILL BITS' from dbfs:/mnt/mini-proj-dd/cropped_sections/page_1_section_6.png...
2025-04-17 23:40:54,475 INFO     Reading image from: /dbfs/mnt/mini-proj-dd/cropped_sections/page_1_section_6.png
2025-04-17 23:41:02,714 INFO     Drill Bits processed.
2025-04-17 23:41:02,742 INFO     Section 'DRILL BITS' processed successfully.
2025-04-17 23:41:02,743 INFO     Processing section 'CASING' from dbfs:/mnt/mini-proj-dd/cropped_sections/page_1_section_7.png...
2025-04-17 23:41:02,743 INFO     CasingPipeline: Processing started for image 'dbfs:/mnt/mini-proj-dd/cropped_sections/page_1_section_7.png'.
2025-04-17 23:41:02,744 INFO     Reading image from: /dbfs/mnt/mini-proj-dd/cropped_sections/page_1_section_7.png
2025-04-17 23:41:08,736 INFO     CasingPipeline: Processed 4 casing rows.
2025-04-17 23:41:08,738 INFO     CasingPipeline: Processing complete.
2025-04-17 23:41:08,779 INFO     Section 'CASING' processed successfully.
2025-04-17 23:41:08,781 INFO     Processing section 'BOP' from dbfs:/mnt/mini-proj-dd/cropped_sections/page_1_section_8.png...
2025-04-17 23:41:08,781 INFO     BOPPipeline: Processing image 'dbfs:/mnt/mini-proj-dd/cropped_sections/page_1_section_8.png'
2025-04-17 23:41:08,783 INFO     BOP: Reading image from: /dbfs/mnt/mini-proj-dd/cropped_sections/page_1_section_8.png
2025-04-17 23:41:09,341 INFO     BOPPipeline: Last BOP Test Date -> 6/30/24
2025-04-17 23:41:09,342 INFO     BOPPipeline: Last BOP Drill -> 7/3/2024
2025-04-17 23:41:09,343 INFO     BOPPipeline: Next BOP Test -> 7/25/24
2025-04-17 23:41:09,344 INFO     BOPPipeline: Processing complete.
2025-04-17 23:41:09,378 INFO     Section 'BOP' processed successfully.
2025-04-17 23:41:09,379 INFO     Processing section 'PERSONNEL' from dbfs:/mnt/mini-proj-dd/cropped_sections/page_1_section_9.png...
2025-04-17 23:41:09,380 INFO     Reading image from: /dbfs/mnt/mini-proj-dd/cropped_sections/page_1_section_9.png
2025-04-17 23:41:13,769 INFO     Section 'PERSONNEL' processed successfully.
2025-04-17 23:41:13,770 INFO     Processing section 'DAILY NUMBERS: OBSERVATION & INTERVENTION' from dbfs:/mnt/mini-proj-dd/cropped_sections/page_1_section_10.png...
2025-04-17 23:41:13,772 INFO     ObsIntPipeline: Processing started for image 'dbfs:/mnt/mini-proj-dd/cropped_sections/page_1_section_10.png'.
2025-04-17 23:41:13,773 INFO     Reading image from: /dbfs/mnt/mini-proj-dd/cropped_sections/page_1_section_10.png
2025-04-17 23:41:15,824 INFO     ObsIntPipeline: Observation & Intervention data processed.
2025-04-17 23:41:15,825 INFO     ObsIntPipeline: Processing complete.
2025-04-17 23:41:15,869 INFO     Section 'DAILY NUMBERS: OBSERVATION & INTERVENTION' processed successfully.
2025-04-17 23:41:15,871 INFO     Processing section 'BHA' from dbfs:/mnt/mini-proj-dd/cropped_sections/page_1_section_11.png...
2025-04-17 23:41:15,872 INFO     BHAPipeline: Processing started for image 'dbfs:/mnt/mini-proj-dd/cropped_sections/page_1_section_11.png'.
2025-04-17 23:41:15,874 INFO     Reading image from: /dbfs/mnt/mini-proj-dd/cropped_sections/page_1_section_11.png
2025-04-17 23:41:16,598 INFO     BHAPipeline: BHA data extraction complete.
2025-04-17 23:41:16,600 INFO     BHAPipeline: Processing complete.
2025-04-17 23:41:16,640 INFO     Section 'BHA' processed successfully.
2025-04-17 23:41:16,641 INFO     Processing section 'PUMPS' from dbfs:/mnt/mini-proj-dd/cropped_sections/page_1_section_12.png...
2025-04-17 23:41:16,643 INFO     PumpsPipeline: Processing image 'dbfs:/mnt/mini-proj-dd/cropped_sections/page_1_section_12.png'.
2025-04-17 23:41:16,645 INFO     Reading image from: /dbfs/mnt/mini-proj-dd/cropped_sections/page_1_section_12.png
2025-04-17 23:41:16,692 INFO     PumpsPipeline: Performing OCR using PIL.
2025-04-17 23:41:17,602 INFO     PumpsPipeline: OCR extraction complete. Text length: 509
2025-04-17 23:41:17,604 INFO     PumpsPipeline: Extracted 3 pump rows.
2025-04-17 23:41:17,606 INFO     PumpsPipeline: Extracted 2 drilling/circ rate rows.
2025-04-17 23:41:17,608 INFO     PumpsPipeline: Processing complete.
2025-04-17 23:41:17,659 INFO     Section 'PUMPS' processed successfully.
2025-04-17 23:41:17,660 INFO     Processing section 'COST DATA' from dbfs:/mnt/mini-proj-dd/cropped_sections/page_1_section_13.png...
2025-04-17 23:41:17,662 INFO     CostDataPipeline: Processing started for image 'dbfs:/mnt/mini-proj-dd/cropped_sections/page_1_section_13.png'.
2025-04-17 23:41:17,665 INFO     Reading image from: /dbfs/mnt/mini-proj-dd/cropped_sections/page_1_section_13.png
2025-04-17 23:41:18,494 INFO     CostDataPipeline: Processing complete.
2025-04-17 23:41:18,535 INFO     Section 'COST DATA' processed successfully.
2025-04-17 23:41:18,537 INFO     Processing section 'CONSUMABLES' from dbfs:/mnt/mini-proj-dd/cropped_sections/page_2_section_2.png...
2025-04-17 23:41:18,538 INFO     ConsumablesPipeline: Processing started for image 'dbfs:/mnt/mini-proj-dd/cropped_sections/page_2_section_2.png'.
2025-04-17 23:41:18,539 INFO     Reading image from: /dbfs/mnt/mini-proj-dd/cropped_sections/page_2_section_2.png
2025-04-17 23:41:21,916 INFO     ConsumablesPipeline: Completed processing consumables.
2025-04-17 23:41:21,918 INFO     ConsumablesPipeline: Processing complete.
2025-04-17 23:41:21,969 INFO     Section 'CONSUMABLES' processed successfully.
2025-04-17 23:41:21,970 INFO     Skipping section 'BIT INFO' — pipeline not implemented.
2025-04-17 23:41:21,972 INFO     Processing TIME BREAKDOWN from two pages.
2025-04-17 23:41:21,974 INFO     Reading image from: /dbfs/mnt/mini-proj-dd/cropped_sections/page_1_section_14.png
2025-04-17 23:41:34,990 INFO     Reading image from: /dbfs/mnt/mini-proj-dd/cropped_sections/page_2_section_1.png
2025-04-17 23:42:06,347 INFO     Skipping header or invalid row: [BLANK] [BLANK] [BLANK] [BLANK] [BLANK] [BLANK] [BLANK] [BLANK] [BLANK]
2025-04-17 23:42:06,350 INFO     Skipping header or invalid row: [BLANK] [BLANK] [BLANK] [BLANK] [BLANK] [BLANK] [BLANK] [BLANK] [BLANK]
2025-04-17 23:42:06,352 INFO     Skipping header or invalid row: [BLANK] [BLANK] [BLANK] [BLANK] [BLANK] [BLANK] [BLANK] [BLANK] [BLANK]
2025-04-17 23:42:06,353 INFO     Skipping header or invalid row: [BLANK] [BLANK] [BLANK] [BLANK] [BLANK] [BLANK] [BLANK] [BLANK] [BLANK]
2025-04-17 23:42:06,355 INFO     Skipping header or invalid row: [BLANK] [BLANK] [BLANK] [BLANK] [BLANK] [BLANK] [BLANK] [BLANK] [BLANK]
2025-04-17 23:42:06,357 INFO     Skipping header or invalid row: [BLANK] [BLANK] [BLANK] [BLANK] [BLANK] [BLANK] [BLANK] [BLANK] [BLANK]
2025-04-17 23:42:06,358 INFO     Skipping header or invalid row: [BLANK] [BLANK] [BLANK] [BLANK] [BLANK] [BLANK] [BLANK] [BLANK] [BLANK]
2025-04-17 23:42:06,361 INFO     Skipping header or invalid row: [BLANK] [BLANK] [BLANK] [BLANK] [BLANK] [BLANK] [BLANK] [BLANK] [BLANK]
2025-04-17 23:42:06,362 INFO     Skipping header or invalid row: [BLANK] [BLANK] [BLANK] [BLANK] [BLANK] [BLANK] [BLANK] [BLANK] [BLANK]
2025-04-17 23:42:06,363 INFO     Skipping header or invalid row: [BLANK] [BLANK] [BLANK] [BLANK] [BLANK] [BLANK] [BLANK] [BLANK] [BLANK]
2025-04-17 23:42:06,364 INFO     Skipping header or invalid row: [BLANK] [BLANK] [BLANK] [BLANK] [BLANK] [BLANK] [BLANK] [BLANK] [BLANK]
2025-04-17 23:42:06,365 INFO     Skipping header or invalid row: [BLANK] [BLANK] [BLANK] [BLANK] [BLANK] [BLANK] [BLANK] [BLANK] [BLANK]
2025-04-17 23:42:06,366 INFO     Skipping header or invalid row: [BLANK] [BLANK] [BLANK] [BLANK] [BLANK] [BLANK] [BLANK] [BLANK] [BLANK]
2025-04-17 23:42:06,367 INFO     Skipping header or invalid row: [BLANK] [BLANK] [BLANK] [BLANK] [BLANK] [BLANK] [BLANK] [BLANK] [BLANK]
2025-04-17 23:42:06,368 INFO     Skipping header or invalid row: [BLANK] [BLANK] [BLANK] [BLANK] [BLANK] [BLANK] [BLANK] [BLANK] [BLANK]
2025-04-17 23:42:06,370 INFO     Skipping header or invalid row: [BLANK] [BLANK] [BLANK] [BLANK] [BLANK] [BLANK] [BLANK] [BLANK] [BLANK]
2025-04-17 23:42:06,370 INFO     Skipping header or invalid row: [BLANK] [BLANK] [BLANK] [BLANK] [BLANK] [BLANK] [BLANK] [BLANK] [BLANK]
2025-04-17 23:42:06,372 INFO     Skipping header or invalid row: [BLANK] [BLANK] [BLANK] [BLANK] [BLANK] [BLANK] [BLANK] [BLANK] [BLANK]
2025-04-17 23:42:06,373 INFO     Skipping header or invalid row: [BLANK] [BLANK] [BLANK] [BLANK] [BLANK] [BLANK] [BLANK] [BLANK] [BLANK]
2025-04-17 23:42:06,375 INFO     Skipping header or invalid row: [BLANK] [BLANK] [BLANK] [BLANK] [BLANK] [BLANK] [BLANK] [BLANK] [BLANK]
2025-04-17 23:42:06,378 INFO     TIME BREAKDOWN: Merged 7 rows from two pages.
2025-04-17 23:42:06,427 INFO     Section 'TIME BREAKDOWN' processed successfully.
2025-04-17 23:42:06,470 INFO     Aggregated results saved to /dbfs/mnt/mini-proj-dd/final_results/aggregated_data.json and /dbfs/mnt/mini-proj-dd/final_results/aggregated_data.csv.
2025-04-18 21:09:04,563 INFO     Main Pipeline: Starting main pipeline execution...
2025-04-18 21:09:05,055 INFO     Processing section 'DAILY DRILLING REPORT' from dbfs:/mnt/mini-proj-dd/cropped_sections/page_1_section_1.png...
2025-04-18 21:09:05,056 INFO     DailyDrillingReportPipeline: Processing started for image 'dbfs:/mnt/mini-proj-dd/cropped_sections/page_1_section_1.png'.
2025-04-18 21:09:05,057 INFO     Reading image from: /dbfs/mnt/mini-proj-dd/cropped_sections/page_1_section_1.png
2025-04-18 21:09:17,261 INFO     DailyDrillingReportPipeline: OCR extraction complete.
2025-04-18 21:09:17,264 INFO     DailyDrillingReportPipeline: Processing complete.
2025-04-18 21:09:17,333 INFO     Section 'DAILY DRILLING REPORT' processed successfully.
2025-04-18 21:09:17,334 INFO     Processing section 'WELL/JOB INFORMATION' from dbfs:/mnt/mini-proj-dd/cropped_sections/page_1_section_2.png...
2025-04-18 21:09:17,335 INFO     WellJobInfoPipeline: Processing started for image 'dbfs:/mnt/mini-proj-dd/cropped_sections/page_1_section_2.png'.
2025-04-18 21:09:17,337 INFO     Reading image from: /dbfs/mnt/mini-proj-dd/cropped_sections/page_1_section_2.png
2025-04-18 21:09:21,663 INFO     WellJobInfoPipeline: Processing complete.
2025-04-18 21:09:21,708 INFO     Section 'WELL/JOB INFORMATION' processed successfully.
2025-04-18 21:09:21,709 INFO     Processing section 'MUD' from dbfs:/mnt/mini-proj-dd/cropped_sections/page_1_section_3.png...
2025-04-18 21:09:21,709 INFO     MudPipeline: Processing started for image 'dbfs:/mnt/mini-proj-dd/cropped_sections/page_1_section_3.png'.
2025-04-18 21:09:21,710 INFO     Reading image from: /dbfs/mnt/mini-proj-dd/cropped_sections/page_1_section_3.png
2025-04-18 21:09:27,746 INFO     MudPipeline: Processing complete.
2025-04-18 21:09:27,787 INFO     Section 'MUD' processed successfully.
2025-04-18 21:09:27,788 INFO     Processing section 'SURVEY DATA' from dbfs:/mnt/mini-proj-dd/cropped_sections/page_1_section_4.png...
2025-04-18 21:09:27,789 INFO     Reading image from: /dbfs/mnt/mini-proj-dd/cropped_sections/page_1_section_4.png
2025-04-18 21:09:31,800 INFO     Grouped Row 0: SURVEY DATA | SURVEY DATA
2025-04-18 21:09:31,801 INFO     Grouped Row 1: MD Inclination Azimuth DLS TVD
2025-04-18 21:09:31,802 INFO     Grouped Row 2: 20,286 89.20 179.98 0.67 10,716
19,906 89.76 179.81 0.15 10,713 20,286 89.20 179.98 0.67 10,716
2025-04-18 21:09:31,803 INFO     Grouped Row 3: 20,191 89.23 179.34 0.51 10,715
2025-04-18 21:09:31,803 INFO     Grouped Row 4: 20,096 89.65 179.59 0.55 10,714
2025-04-18 21:09:31,804 INFO     Grouped Row 5: 20,001 89.65 180.11 0.34 10,714
2025-04-18 21:09:31,805 INFO     All extracted lines: ['SURVEY DATA | SURVEY DATA', 'MD Inclination Azimuth DLS TVD', '20,286 89.20 179.98 0.67 10,716', '19,906 89.76 179.81 0.15 10,713 20,286 89.20 179.98 0.67 10,716', '20,191 89.23 179.34 0.51 10,715', '20,096 89.65 179.59 0.55 10,714', '20,001 89.65 180.11 0.34 10,714']
2025-04-18 21:09:31,806 INFO     Data lines to parse: [['20,286', '89.20', '179.98', '0.67', '10,716'], ['19,906', '89.76', '179.81', '0.15', '10,713'], ['20,191', '89.23', '179.34', '0.51', '10,715'], ['20,096', '89.65', '179.59', '0.55', '10,714'], ['20,001', '89.65', '180.11', '0.34', '10,714']]
2025-04-18 21:09:31,863 INFO     Section 'SURVEY DATA' processed successfully.
2025-04-18 21:09:31,864 INFO     Processing section 'DIR INFO' from dbfs:/mnt/mini-proj-dd/cropped_sections/page_1_section_5.png...
2025-04-18 21:09:31,865 INFO     DirInfoPipeline: Processing started for image 'dbfs:/mnt/mini-proj-dd/cropped_sections/page_1_section_5.png'.
2025-04-18 21:09:31,866 INFO     Reading image from: /dbfs/mnt/mini-proj-dd/cropped_sections/page_1_section_5.png
2025-04-18 21:09:34,426 INFO     DirInfoPipeline: Processing complete.
2025-04-18 21:09:34,474 INFO     Section 'DIR INFO' processed successfully.
2025-04-18 21:09:34,475 INFO     Processing section 'DRILL BITS' from dbfs:/mnt/mini-proj-dd/cropped_sections/page_1_section_6.png...
2025-04-18 21:09:34,476 INFO     Reading image from: /dbfs/mnt/mini-proj-dd/cropped_sections/page_1_section_6.png
2025-04-18 21:09:42,700 INFO     Drill Bits processed.
2025-04-18 21:09:42,731 INFO     Section 'DRILL BITS' processed successfully.
2025-04-18 21:09:42,732 INFO     Processing section 'CASING' from dbfs:/mnt/mini-proj-dd/cropped_sections/page_1_section_7.png...
2025-04-18 21:09:42,733 INFO     CasingPipeline: Processing started for image 'dbfs:/mnt/mini-proj-dd/cropped_sections/page_1_section_7.png'.
2025-04-18 21:09:42,734 INFO     Reading image from: /dbfs/mnt/mini-proj-dd/cropped_sections/page_1_section_7.png
2025-04-18 21:09:48,809 INFO     CasingPipeline: Processed 4 casing rows.
2025-04-18 21:09:48,810 INFO     CasingPipeline: Processing complete.
2025-04-18 21:09:48,853 INFO     Section 'CASING' processed successfully.
2025-04-18 21:09:48,853 INFO     Processing section 'BOP' from dbfs:/mnt/mini-proj-dd/cropped_sections/page_1_section_8.png...
2025-04-18 21:09:48,854 INFO     BOPPipeline: Processing image 'dbfs:/mnt/mini-proj-dd/cropped_sections/page_1_section_8.png'
2025-04-18 21:09:48,855 INFO     BOP: Reading image from: /dbfs/mnt/mini-proj-dd/cropped_sections/page_1_section_8.png
2025-04-18 21:09:49,298 INFO     BOPPipeline: Last BOP Test Date -> 6/30/24
2025-04-18 21:09:49,299 INFO     BOPPipeline: Last BOP Drill -> 7/3/2024
2025-04-18 21:09:49,300 INFO     BOPPipeline: Next BOP Test -> 7/25/24
2025-04-18 21:09:49,301 INFO     BOPPipeline: Processing complete.
2025-04-18 21:09:49,369 INFO     Section 'BOP' processed successfully.
2025-04-18 21:09:49,370 INFO     Processing section 'PERSONNEL' from dbfs:/mnt/mini-proj-dd/cropped_sections/page_1_section_9.png...
2025-04-18 21:09:49,371 INFO     Reading image from: /dbfs/mnt/mini-proj-dd/cropped_sections/page_1_section_9.png
2025-04-18 21:09:53,265 INFO     Section 'PERSONNEL' processed successfully.
2025-04-18 21:09:53,266 INFO     Processing section 'DAILY NUMBERS: OBSERVATION & INTERVENTION' from dbfs:/mnt/mini-proj-dd/cropped_sections/page_1_section_10.png...
2025-04-18 21:09:53,267 INFO     ObsIntPipeline: Processing started for image 'dbfs:/mnt/mini-proj-dd/cropped_sections/page_1_section_10.png'.
2025-04-18 21:09:53,268 INFO     Reading image from: /dbfs/mnt/mini-proj-dd/cropped_sections/page_1_section_10.png
2025-04-18 21:09:55,122 ERROR    Error processing section 'DAILY NUMBERS: OBSERVATION & INTERVENTION': name 'ignore_tokens' is not defined
Traceback (most recent call last):
  File "/root/.ipykernel/1533/command-8001476796026706-4230418120", line 82, in main
    data_json, df = func(img_path, debug=debug)
                    ^^^^^^^^^^^^^^^^^^^^^^^^^^^
  File "/root/.ipykernel/1533/command-5985821889076050-3388954930", line 64, in process
    records, df = ObsIntPipeline.build_obs_int_data(roi_texts)
                  ^^^^^^^^^^^^^^^^^^^^^^^^^^^^^^^^^^^^^^^^^^^^
  File "/root/.ipykernel/1533/command-5985821889076050-3388954930", line 17, in build_obs_int_data
    if token and token.lower() not in ignore_tokens:
                                      ^^^^^^^^^^^^^
NameError: name 'ignore_tokens' is not defined
2025-04-18 21:09:55,129 INFO     Processing section 'BHA' from dbfs:/mnt/mini-proj-dd/cropped_sections/page_1_section_11.png...
2025-04-18 21:09:55,131 INFO     BHAPipeline: Processing started for image 'dbfs:/mnt/mini-proj-dd/cropped_sections/page_1_section_11.png'.
2025-04-18 21:09:55,133 INFO     Reading image from: /dbfs/mnt/mini-proj-dd/cropped_sections/page_1_section_11.png
2025-04-18 21:09:56,076 INFO     BHAPipeline: BHA data extraction complete.
2025-04-18 21:09:56,078 INFO     BHAPipeline: Processing complete.
2025-04-18 21:09:56,120 INFO     Section 'BHA' processed successfully.
2025-04-18 21:09:56,122 INFO     Processing section 'PUMPS' from dbfs:/mnt/mini-proj-dd/cropped_sections/page_1_section_12.png...
2025-04-18 21:09:56,123 INFO     PumpsPipeline: Processing image 'dbfs:/mnt/mini-proj-dd/cropped_sections/page_1_section_12.png'.
2025-04-18 21:09:56,124 INFO     Reading image from: /dbfs/mnt/mini-proj-dd/cropped_sections/page_1_section_12.png
2025-04-18 21:09:56,161 INFO     PumpsPipeline: Performing OCR using PIL.
2025-04-18 21:09:57,034 INFO     PumpsPipeline: OCR extraction complete. Text length: 509
2025-04-18 21:09:57,037 INFO     PumpsPipeline: Extracted 3 pump rows.
2025-04-18 21:09:57,044 INFO     PumpsPipeline: Extracted 2 drilling/circ rate rows.
2025-04-18 21:09:57,047 INFO     PumpsPipeline: Processing complete.
2025-04-18 21:09:57,088 INFO     Section 'PUMPS' processed successfully.
2025-04-18 21:09:57,090 INFO     Processing section 'COST DATA' from dbfs:/mnt/mini-proj-dd/cropped_sections/page_1_section_13.png...
2025-04-18 21:09:57,091 INFO     CostDataPipeline: Processing started for image 'dbfs:/mnt/mini-proj-dd/cropped_sections/page_1_section_13.png'.
2025-04-18 21:09:57,093 INFO     Reading image from: /dbfs/mnt/mini-proj-dd/cropped_sections/page_1_section_13.png
2025-04-18 21:09:57,880 INFO     CostDataPipeline: Processing complete.
2025-04-18 21:09:57,946 INFO     Section 'COST DATA' processed successfully.
2025-04-18 21:09:57,948 INFO     Processing section 'CONSUMABLES' from dbfs:/mnt/mini-proj-dd/cropped_sections/page_2_section_2.png...
2025-04-18 21:09:57,949 INFO     ConsumablesPipeline: Processing started for image 'dbfs:/mnt/mini-proj-dd/cropped_sections/page_2_section_2.png'.
2025-04-18 21:09:57,951 INFO     Reading image from: /dbfs/mnt/mini-proj-dd/cropped_sections/page_2_section_2.png
2025-04-18 21:10:01,477 INFO     ConsumablesPipeline: Completed processing consumables.
2025-04-18 21:10:01,478 INFO     ConsumablesPipeline: Processing complete.
2025-04-18 21:10:01,526 INFO     Section 'CONSUMABLES' processed successfully.
2025-04-18 21:10:01,527 INFO     Skipping section 'BIT INFO' — pipeline not implemented.
2025-04-18 21:10:01,528 INFO     Processing TIME BREAKDOWN from two pages.
2025-04-18 21:10:01,530 INFO     Reading image from: /dbfs/mnt/mini-proj-dd/cropped_sections/page_1_section_14.png
2025-04-18 21:10:13,273 INFO     Reading image from: /dbfs/mnt/mini-proj-dd/cropped_sections/page_2_section_1.png
