2025-04-09 22:19:41,451 INFO     Starting main pipeline execution...
2025-04-09 22:19:41,590 INFO     Processing section: DAILY DRILLING REPORT from dbfs:/mnt/mini-proj-dd/cropped_sections/page_1_section_1.png...
2025-04-09 22:19:41,591 ERROR    Error processing section 'DAILY DRILLING REPORT': type object 'ImageUtils' has no attribute 'safe_read_image'
Traceback (most recent call last):
  File "/root/.ipykernel/8422/command-7126772865950109-1482612032", line 361, in main
    data_json, df = func(img_path, debug=debug)
                    ^^^^^^^^^^^^^^^^^^^^^^^^^^^
  File "/root/.ipykernel/8422/command-7126772865950109-1482612032", line 330, in <lambda>
    "DAILY DRILLING REPORT": lambda path, debug: DailyDrillingReportPipeline.process(path, debug=debug),
                                                 ^^^^^^^^^^^^^^^^^^^^^^^^^^^^^^^^^^^^^^^^^^^^^^^^^^^^^^
  File "/root/.ipykernel/8422/command-7126772865950099-2460813768", line 169, in process
    img = ImageUtils.safe_read_image(image_path)
          ^^^^^^^^^^^^^^^^^^^^^^^^^^
AttributeError: type object 'ImageUtils' has no attribute 'safe_read_image'
2025-04-09 22:19:41,593 INFO     Processing section: WELL/JOB INFORMATION from dbfs:/mnt/mini-proj-dd/cropped_sections/page_1_section_2.png...
2025-04-09 22:19:41,595 ERROR    Error processing section 'WELL/JOB INFORMATION': type object 'ImageUtils' has no attribute 'safe_read_image'
Traceback (most recent call last):
  File "/root/.ipykernel/8422/command-7126772865950109-1482612032", line 361, in main
    data_json, df = func(img_path, debug=debug)
                    ^^^^^^^^^^^^^^^^^^^^^^^^^^^
  File "/root/.ipykernel/8422/command-7126772865950109-1482612032", line 331, in <lambda>
    "WELL/JOB INFORMATION": lambda path, debug: WellJobInfoPipeline.process(path, debug=debug),
                                                ^^^^^^^^^^^^^^^^^^^^^^^^^^^^^^^^^^^^^^^^^^^^^^
  File "/root/.ipykernel/8422/command-7126772865950099-2460813768", line 202, in process
    img = ImageUtils.safe_read_image(image_path)
          ^^^^^^^^^^^^^^^^^^^^^^^^^^
AttributeError: type object 'ImageUtils' has no attribute 'safe_read_image'
2025-04-09 22:19:41,597 INFO     Processing section: MUD from dbfs:/mnt/mini-proj-dd/cropped_sections/page_1_section_3.png...
2025-04-09 22:19:41,598 ERROR    Error processing section 'MUD': type object 'ImageUtils' has no attribute 'safe_read_image'
Traceback (most recent call last):
  File "/root/.ipykernel/8422/command-7126772865950109-1482612032", line 361, in main
    data_json, df = func(img_path, debug=debug)
                    ^^^^^^^^^^^^^^^^^^^^^^^^^^^
  File "/root/.ipykernel/8422/command-7126772865950109-1482612032", line 332, in <lambda>
    "MUD": lambda path, debug: MudPipeline.process(path, debug=debug),
                               ^^^^^^^^^^^^^^^^^^^^^^^^^^^^^^^^^^^^^^
  File "/root/.ipykernel/8422/command-7126772865950099-2460813768", line 228, in process
    img = ImageUtils.safe_read_image(image_path)
          ^^^^^^^^^^^^^^^^^^^^^^^^^^
AttributeError: type object 'ImageUtils' has no attribute 'safe_read_image'
2025-04-09 22:19:41,600 INFO     Processing section: SURVEY DATA from dbfs:/mnt/mini-proj-dd/cropped_sections/page_1_section_4.png...
2025-04-09 22:19:41,601 ERROR    Error processing section 'SURVEY DATA': type object 'ImageUtils' has no attribute 'safe_read_image'
Traceback (most recent call last):
  File "/root/.ipykernel/8422/command-7126772865950109-1482612032", line 361, in main
    data_json, df = func(img_path, debug=debug)
                    ^^^^^^^^^^^^^^^^^^^^^^^^^^^
  File "/root/.ipykernel/8422/command-7126772865950109-1482612032", line 333, in <lambda>
    "SURVEY DATA": lambda path, debug: SurveyDataPipeline.process(path, debug=debug),
                                       ^^^^^^^^^^^^^^^^^^^^^^^^^^^^^^^^^^^^^^^^^^^^^
  File "/root/.ipykernel/8422/command-7126772865950099-2460813768", line 314, in process
    img = ImageUtils.safe_read_image(image_path)
          ^^^^^^^^^^^^^^^^^^^^^^^^^^
AttributeError: type object 'ImageUtils' has no attribute 'safe_read_image'
2025-04-09 22:19:41,604 INFO     Processing section: DIR INFO from dbfs:/mnt/mini-proj-dd/cropped_sections/page_1_section_5.png...
2025-04-09 22:19:41,605 ERROR    Error processing section 'DIR INFO': type object 'ImageUtils' has no attribute 'safe_read_image'
Traceback (most recent call last):
  File "/root/.ipykernel/8422/command-7126772865950109-1482612032", line 361, in main
    data_json, df = func(img_path, debug=debug)
                    ^^^^^^^^^^^^^^^^^^^^^^^^^^^
  File "/root/.ipykernel/8422/command-7126772865950109-1482612032", line 334, in <lambda>
    "DIR INFO": lambda path, debug: DirInfoPipeline.process(path, debug=debug),
                                    ^^^^^^^^^^^^^^^^^^^^^^^^^^^^^^^^^^^^^^^^^^
  File "/root/.ipykernel/8422/command-7126772865950099-2460813768", line 525, in process
    img = ImageUtils.safe_read_image(image_path)
          ^^^^^^^^^^^^^^^^^^^^^^^^^^
AttributeError: type object 'ImageUtils' has no attribute 'safe_read_image'
2025-04-09 22:19:41,607 INFO     Processing section: DRILL BITS from dbfs:/mnt/mini-proj-dd/cropped_sections/page_1_section_6.png...
2025-04-09 22:19:41,608 ERROR    Error processing section 'DRILL BITS': type object 'ImageUtils' has no attribute 'safe_read_image'
Traceback (most recent call last):
  File "/root/.ipykernel/8422/command-7126772865950109-1482612032", line 361, in main
    data_json, df = func(img_path, debug=debug)
                    ^^^^^^^^^^^^^^^^^^^^^^^^^^^
  File "/root/.ipykernel/8422/command-7126772865950109-1482612032", line 335, in <lambda>
    "DRILL BITS": lambda path, debug: DrillBitsPipeline.process(path, debug=debug),
                                      ^^^^^^^^^^^^^^^^^^^^^^^^^^^^^^^^^^^^^^^^^^^^
  File "/root/.ipykernel/8422/command-7126772865950099-2460813768", line 626, in process
    img = ImageUtils.safe_read_image(image_path)
          ^^^^^^^^^^^^^^^^^^^^^^^^^^
AttributeError: type object 'ImageUtils' has no attribute 'safe_read_image'
2025-04-09 22:19:41,610 INFO     Processing section: CASING from dbfs:/mnt/mini-proj-dd/cropped_sections/page_1_section_7.png...
2025-04-09 22:19:41,611 ERROR    Error processing section 'CASING': type object 'ImageUtils' has no attribute 'safe_read_image'
Traceback (most recent call last):
  File "/root/.ipykernel/8422/command-7126772865950109-1482612032", line 361, in main
    data_json, df = func(img_path, debug=debug)
                    ^^^^^^^^^^^^^^^^^^^^^^^^^^^
  File "/root/.ipykernel/8422/command-7126772865950109-1482612032", line 336, in <lambda>
    "CASING": lambda path, debug: CasingPipeline.process(path, debug=debug),
                                  ^^^^^^^^^^^^^^^^^^^^^^^^^^^^^^^^^^^^^^^^^
  File "/root/.ipykernel/8422/command-7126772865950099-2460813768", line 718, in process
    img = ImageUtils.safe_read_image(image_path)
          ^^^^^^^^^^^^^^^^^^^^^^^^^^
AttributeError: type object 'ImageUtils' has no attribute 'safe_read_image'
2025-04-09 22:19:41,614 INFO     Processing section: BOP from dbfs:/mnt/mini-proj-dd/cropped_sections/page_1_section_8.png...
2025-04-09 22:19:41,614 ERROR    Error processing section 'BOP': type object 'ImageUtils' has no attribute 'safe_read_image_pil'
Traceback (most recent call last):
  File "/root/.ipykernel/8422/command-7126772865950109-1482612032", line 361, in main
    data_json, df = func(img_path, debug=debug)
                    ^^^^^^^^^^^^^^^^^^^^^^^^^^^
  File "/root/.ipykernel/8422/command-7126772865950109-1482612032", line 337, in <lambda>
    "BOP": lambda path, debug: BHAPipeline.process(path, debug=debug),
                               ^^^^^^^^^^^^^^^^^^^^^^^^^^^^^^^^^^^^^^
  File "/root/.ipykernel/8422/command-7126772865950099-2460813768", line 516, in process
    bha_json = BHAPipeline.extract_bha_data(image_path)
               ^^^^^^^^^^^^^^^^^^^^^^^^^^^^^^^^^^^^^^^^
  File "/root/.ipykernel/8422/command-7126772865950099-2460813768", line 458, in extract_bha_data
    image = ImageUtils.safe_read_image_pil(image_path)
            ^^^^^^^^^^^^^^^^^^^^^^^^^^^^^^
AttributeError: type object 'ImageUtils' has no attribute 'safe_read_image_pil'
2025-04-09 22:19:41,616 INFO     Processing section: PERSONNEL from dbfs:/mnt/mini-proj-dd/cropped_sections/page_1_section_9.png...
2025-04-09 22:19:41,617 ERROR    Error processing section 'PERSONNEL': type object 'ImageUtils' has no attribute 'safe_read_image'
Traceback (most recent call last):
  File "/root/.ipykernel/8422/command-7126772865950109-1482612032", line 361, in main
    data_json, df = func(img_path, debug=debug)
                    ^^^^^^^^^^^^^^^^^^^^^^^^^^^
  File "/root/.ipykernel/8422/command-7126772865950109-1482612032", line 338, in <lambda>
    "PERSONNEL": lambda path, debug: PersonnelPipeline.process(path, debug=debug),
                                     ^^^^^^^^^^^^^^^^^^^^^^^^^^^^^^^^^^^^^^^^^^^^
  File "/root/.ipykernel/8422/command-7126772865950099-2460813768", line 440, in process
    img = ImageUtils.safe_read_image(image_path)
          ^^^^^^^^^^^^^^^^^^^^^^^^^^
AttributeError: type object 'ImageUtils' has no attribute 'safe_read_image'
2025-04-09 22:19:41,619 INFO     Processing section: DAILY NUMBERS: OBSERVATION & INTERVENTION from dbfs:/mnt/mini-proj-dd/cropped_sections/page_1_section_10.png...
2025-04-09 22:19:41,620 ERROR    Error processing section 'DAILY NUMBERS: OBSERVATION & INTERVENTION': type object 'ImageUtils' has no attribute 'safe_read_image'
Traceback (most recent call last):
  File "/root/.ipykernel/8422/command-7126772865950109-1482612032", line 361, in main
    data_json, df = func(img_path, debug=debug)
                    ^^^^^^^^^^^^^^^^^^^^^^^^^^^
  File "/root/.ipykernel/8422/command-7126772865950109-1482612032", line 339, in <lambda>
    "DAILY NUMBERS: OBSERVATION & INTERVENTION": lambda path, debug: ObsIntPipeline.process(path, debug=debug),
                                                                     ^^^^^^^^^^^^^^^^^^^^^^^^^^^^^^^^^^^^^^^^^
  File "/root/.ipykernel/8422/command-7126772865950099-2460813768", line 393, in process
    img = ImageUtils.safe_read_image(image_path)
          ^^^^^^^^^^^^^^^^^^^^^^^^^^
AttributeError: type object 'ImageUtils' has no attribute 'safe_read_image'
2025-04-09 22:19:41,622 INFO     Processing section: BHA from dbfs:/mnt/mini-proj-dd/cropped_sections/page_1_section_11.png...
2025-04-09 22:19:41,623 ERROR    Error processing section 'BHA': type object 'ImageUtils' has no attribute 'safe_read_image_pil'
Traceback (most recent call last):
  File "/root/.ipykernel/8422/command-7126772865950109-1482612032", line 361, in main
    data_json, df = func(img_path, debug=debug)
                    ^^^^^^^^^^^^^^^^^^^^^^^^^^^
  File "/root/.ipykernel/8422/command-7126772865950109-1482612032", line 340, in <lambda>
    "BHA": lambda path, debug: BHAPipeline.process(path, debug=debug),
                               ^^^^^^^^^^^^^^^^^^^^^^^^^^^^^^^^^^^^^^
  File "/root/.ipykernel/8422/command-7126772865950099-2460813768", line 516, in process
    bha_json = BHAPipeline.extract_bha_data(image_path)
               ^^^^^^^^^^^^^^^^^^^^^^^^^^^^^^^^^^^^^^^^
  File "/root/.ipykernel/8422/command-7126772865950099-2460813768", line 458, in extract_bha_data
    image = ImageUtils.safe_read_image_pil(image_path)
            ^^^^^^^^^^^^^^^^^^^^^^^^^^^^^^
AttributeError: type object 'ImageUtils' has no attribute 'safe_read_image_pil'
2025-04-09 22:19:41,625 INFO     Processing section: PUMPS from dbfs:/mnt/mini-proj-dd/cropped_sections/page_1_section_12.png...
2025-04-09 22:19:53,707 INFO     OCR completed for Pumps.
2025-04-09 22:19:53,709 DEBUG    Parsed Pumps Table: []
2025-04-09 22:19:53,710 WARNING  Pumps: No match in segment:
Drilling/Circ Rate 1  Driling/Circ Rate 2
2025-04-09 22:19:53,711 DEBUG    Parsed Drilling Circ Rates: []
2025-04-09 22:19:53,713 INFO     Pumps processing completed.
2025-04-09 22:19:53,800 INFO     Section 'PUMPS' processed and saved.
2025-04-09 22:19:53,801 INFO     Processing section: COST DATA from dbfs:/mnt/mini-proj-dd/cropped_sections/page_1_section_13.png...
2025-04-09 22:19:53,802 ERROR    Error processing section 'COST DATA': type object 'ImageUtils' has no attribute 'safe_read_image'
Traceback (most recent call last):
  File "/root/.ipykernel/8422/command-7126772865950109-1482612032", line 361, in main
    data_json, df = func(img_path, debug=debug)
                    ^^^^^^^^^^^^^^^^^^^^^^^^^^^
  File "/root/.ipykernel/8422/command-7126772865950109-1482612032", line 342, in <lambda>
    "COST DATA": lambda path, debug: CostDataPipeline.process(path, debug=debug),
                                     ^^^^^^^^^^^^^^^^^^^^^^^^^^^^^^^^^^^^^^^^^^^
  File "/root/.ipykernel/8422/command-7126772865950099-2460813768", line 347, in process
    img = ImageUtils.safe_read_image(image_path)
          ^^^^^^^^^^^^^^^^^^^^^^^^^^
AttributeError: type object 'ImageUtils' has no attribute 'safe_read_image'
2025-04-09 22:19:53,805 INFO     Processing section: TIME BREAKDOWN from dbfs:/mnt/mini-proj-dd/cropped_sections/page_1_section_14.png...
2025-04-09 22:20:06,811 INFO     Section 'TIME BREAKDOWN' processed and saved.
2025-04-09 22:20:06,812 INFO     Processing section: CONSUMABLES from dbfs:/mnt/mini-proj-dd/cropped_sections/page_2_section_2.png...
2025-04-09 22:20:06,813 ERROR    Error processing section 'CONSUMABLES': type object 'ImageUtils' has no attribute 'safe_read_image'
Traceback (most recent call last):
  File "/root/.ipykernel/8422/command-7126772865950109-1482612032", line 361, in main
    data_json, df = func(img_path, debug=debug)
                    ^^^^^^^^^^^^^^^^^^^^^^^^^^^
  File "/root/.ipykernel/8422/command-7126772865950109-1482612032", line 344, in <lambda>
    "CONSUMABLES": lambda path, debug: ConsumablesPipeline.process(path, debug=debug),
                                       ^^^^^^^^^^^^^^^^^^^^^^^^^^^^^^^^^^^^^^^^^^^^^^
  File "/root/.ipykernel/8422/command-7126772865950099-2460813768", line 686, in process
    img = ImageUtils.safe_read_image(image_path)
          ^^^^^^^^^^^^^^^^^^^^^^^^^^
AttributeError: type object 'ImageUtils' has no attribute 'safe_read_image'
2025-04-09 22:20:06,815 INFO     Skipping section 'BIT INFO' — pipeline not implemented.
2025-04-09 22:20:06,855 INFO     Aggregated results saved to /dbfs/mnt/mini-proj-dd/final_results/aggregated_data.json and /dbfs/mnt/mini-proj-dd/final_results/aggregated_data.csv.
2025-04-09 22:22:06,819 INFO     Starting main pipeline execution...
2025-04-09 22:22:06,822 INFO     Processing section: DAILY DRILLING REPORT from dbfs:/mnt/mini-proj-dd/cropped_sections/page_1_section_1.png...
2025-04-09 22:22:06,823 ERROR    Error processing section 'DAILY DRILLING REPORT': type object 'ImageUtils' has no attribute 'safe_read_image'
Traceback (most recent call last):
  File "/root/.ipykernel/8422/command-7126772865950109-1482612032", line 361, in main
    data_json, df = func(img_path, debug=debug)
                    ^^^^^^^^^^^^^^^^^^^^^^^^^^^
  File "/root/.ipykernel/8422/command-7126772865950109-1482612032", line 330, in <lambda>
    "DAILY DRILLING REPORT": lambda path, debug: DailyDrillingReportPipeline.process(path, debug=debug),
                                                 ^^^^^^^^^^^^^^^^^^^^^^^^^^^^^^^^^^^^^^^^^^^^^^^^^^^^^^
  File "/root/.ipykernel/8422/command-7126772865950099-3238292735", line 169, in process
    img = ImageUtils.safe_read_image(image_path)
          ^^^^^^^^^^^^^^^^^^^^^^^^^^
AttributeError: type object 'ImageUtils' has no attribute 'safe_read_image'
2025-04-09 22:22:06,825 INFO     Processing section: WELL/JOB INFORMATION from dbfs:/mnt/mini-proj-dd/cropped_sections/page_1_section_2.png...
2025-04-09 22:22:06,826 ERROR    Error processing section 'WELL/JOB INFORMATION': type object 'ImageUtils' has no attribute 'safe_read_image'
Traceback (most recent call last):
  File "/root/.ipykernel/8422/command-7126772865950109-1482612032", line 361, in main
    data_json, df = func(img_path, debug=debug)
                    ^^^^^^^^^^^^^^^^^^^^^^^^^^^
  File "/root/.ipykernel/8422/command-7126772865950109-1482612032", line 331, in <lambda>
    "WELL/JOB INFORMATION": lambda path, debug: WellJobInfoPipeline.process(path, debug=debug),
                                                ^^^^^^^^^^^^^^^^^^^^^^^^^^^^^^^^^^^^^^^^^^^^^^
  File "/root/.ipykernel/8422/command-7126772865950099-3238292735", line 202, in process
    img = ImageUtils.safe_read_image(image_path)
          ^^^^^^^^^^^^^^^^^^^^^^^^^^
AttributeError: type object 'ImageUtils' has no attribute 'safe_read_image'
2025-04-09 22:22:06,828 INFO     Processing section: MUD from dbfs:/mnt/mini-proj-dd/cropped_sections/page_1_section_3.png...
2025-04-09 22:22:06,829 ERROR    Error processing section 'MUD': type object 'ImageUtils' has no attribute 'safe_read_image'
Traceback (most recent call last):
  File "/root/.ipykernel/8422/command-7126772865950109-1482612032", line 361, in main
    data_json, df = func(img_path, debug=debug)
                    ^^^^^^^^^^^^^^^^^^^^^^^^^^^
  File "/root/.ipykernel/8422/command-7126772865950109-1482612032", line 332, in <lambda>
    "MUD": lambda path, debug: MudPipeline.process(path, debug=debug),
                               ^^^^^^^^^^^^^^^^^^^^^^^^^^^^^^^^^^^^^^
  File "/root/.ipykernel/8422/command-7126772865950099-3238292735", line 228, in process
    img = ImageUtils.safe_read_image(image_path)
          ^^^^^^^^^^^^^^^^^^^^^^^^^^
AttributeError: type object 'ImageUtils' has no attribute 'safe_read_image'
2025-04-09 22:22:06,831 INFO     Processing section: SURVEY DATA from dbfs:/mnt/mini-proj-dd/cropped_sections/page_1_section_4.png...
2025-04-09 22:22:06,832 ERROR    Error processing section 'SURVEY DATA': type object 'ImageUtils' has no attribute 'safe_read_image'
Traceback (most recent call last):
  File "/root/.ipykernel/8422/command-7126772865950109-1482612032", line 361, in main
    data_json, df = func(img_path, debug=debug)
                    ^^^^^^^^^^^^^^^^^^^^^^^^^^^
  File "/root/.ipykernel/8422/command-7126772865950109-1482612032", line 333, in <lambda>
    "SURVEY DATA": lambda path, debug: SurveyDataPipeline.process(path, debug=debug),
                                       ^^^^^^^^^^^^^^^^^^^^^^^^^^^^^^^^^^^^^^^^^^^^^
  File "/root/.ipykernel/8422/command-7126772865950099-3238292735", line 314, in process
    img = ImageUtils.safe_read_image(image_path)
          ^^^^^^^^^^^^^^^^^^^^^^^^^^
AttributeError: type object 'ImageUtils' has no attribute 'safe_read_image'
2025-04-09 22:22:06,834 INFO     Processing section: DIR INFO from dbfs:/mnt/mini-proj-dd/cropped_sections/page_1_section_5.png...
2025-04-09 22:22:06,835 ERROR    Error processing section 'DIR INFO': type object 'ImageUtils' has no attribute 'safe_read_image'
Traceback (most recent call last):
  File "/root/.ipykernel/8422/command-7126772865950109-1482612032", line 361, in main
    data_json, df = func(img_path, debug=debug)
                    ^^^^^^^^^^^^^^^^^^^^^^^^^^^
  File "/root/.ipykernel/8422/command-7126772865950109-1482612032", line 334, in <lambda>
    "DIR INFO": lambda path, debug: DirInfoPipeline.process(path, debug=debug),
                                    ^^^^^^^^^^^^^^^^^^^^^^^^^^^^^^^^^^^^^^^^^^
  File "/root/.ipykernel/8422/command-7126772865950099-3238292735", line 525, in process
    img = ImageUtils.safe_read_image(image_path)
          ^^^^^^^^^^^^^^^^^^^^^^^^^^
AttributeError: type object 'ImageUtils' has no attribute 'safe_read_image'
2025-04-09 22:22:06,838 INFO     Processing section: DRILL BITS from dbfs:/mnt/mini-proj-dd/cropped_sections/page_1_section_6.png...
2025-04-09 22:22:06,838 ERROR    Error processing section 'DRILL BITS': type object 'ImageUtils' has no attribute 'safe_read_image'
Traceback (most recent call last):
  File "/root/.ipykernel/8422/command-7126772865950109-1482612032", line 361, in main
    data_json, df = func(img_path, debug=debug)
                    ^^^^^^^^^^^^^^^^^^^^^^^^^^^
  File "/root/.ipykernel/8422/command-7126772865950109-1482612032", line 335, in <lambda>
    "DRILL BITS": lambda path, debug: DrillBitsPipeline.process(path, debug=debug),
                                      ^^^^^^^^^^^^^^^^^^^^^^^^^^^^^^^^^^^^^^^^^^^^
  File "/root/.ipykernel/8422/command-7126772865950099-3238292735", line 626, in process
    img = ImageUtils.safe_read_image(image_path)
          ^^^^^^^^^^^^^^^^^^^^^^^^^^
AttributeError: type object 'ImageUtils' has no attribute 'safe_read_image'
2025-04-09 22:22:06,841 INFO     Processing section: CASING from dbfs:/mnt/mini-proj-dd/cropped_sections/page_1_section_7.png...
2025-04-09 22:22:06,842 ERROR    Error processing section 'CASING': type object 'ImageUtils' has no attribute 'safe_read_image'
Traceback (most recent call last):
  File "/root/.ipykernel/8422/command-7126772865950109-1482612032", line 361, in main
    data_json, df = func(img_path, debug=debug)
                    ^^^^^^^^^^^^^^^^^^^^^^^^^^^
  File "/root/.ipykernel/8422/command-7126772865950109-1482612032", line 336, in <lambda>
    "CASING": lambda path, debug: CasingPipeline.process(path, debug=debug),
                                  ^^^^^^^^^^^^^^^^^^^^^^^^^^^^^^^^^^^^^^^^^
  File "/root/.ipykernel/8422/command-7126772865950099-3238292735", line 718, in process
    img = ImageUtils.safe_read_image(image_path)
          ^^^^^^^^^^^^^^^^^^^^^^^^^^
AttributeError: type object 'ImageUtils' has no attribute 'safe_read_image'
2025-04-09 22:22:06,844 INFO     Processing section: BOP from dbfs:/mnt/mini-proj-dd/cropped_sections/page_1_section_8.png...
2025-04-09 22:22:06,845 ERROR    Error processing section 'BOP': type object 'ImageUtils' has no attribute 'safe_read_image_pil'
Traceback (most recent call last):
  File "/root/.ipykernel/8422/command-7126772865950109-1482612032", line 361, in main
    data_json, df = func(img_path, debug=debug)
                    ^^^^^^^^^^^^^^^^^^^^^^^^^^^
  File "/root/.ipykernel/8422/command-7126772865950109-1482612032", line 337, in <lambda>
    "BOP": lambda path, debug: BHAPipeline.process(path, debug=debug),
                               ^^^^^^^^^^^^^^^^^^^^^^^^^^^^^^^^^^^^^^
  File "/root/.ipykernel/8422/command-7126772865950099-3238292735", line 516, in process
    bha_json = BHAPipeline.extract_bha_data(image_path)
               ^^^^^^^^^^^^^^^^^^^^^^^^^^^^^^^^^^^^^^^^
  File "/root/.ipykernel/8422/command-7126772865950099-3238292735", line 458, in extract_bha_data
    image = ImageUtils.safe_read_image_pil(image_path)
            ^^^^^^^^^^^^^^^^^^^^^^^^^^^^^^
AttributeError: type object 'ImageUtils' has no attribute 'safe_read_image_pil'
2025-04-09 22:22:06,847 INFO     Processing section: PERSONNEL from dbfs:/mnt/mini-proj-dd/cropped_sections/page_1_section_9.png...
2025-04-09 22:22:06,848 ERROR    Error processing section 'PERSONNEL': type object 'ImageUtils' has no attribute 'safe_read_image'
Traceback (most recent call last):
  File "/root/.ipykernel/8422/command-7126772865950109-1482612032", line 361, in main
    data_json, df = func(img_path, debug=debug)
                    ^^^^^^^^^^^^^^^^^^^^^^^^^^^
  File "/root/.ipykernel/8422/command-7126772865950109-1482612032", line 338, in <lambda>
    "PERSONNEL": lambda path, debug: PersonnelPipeline.process(path, debug=debug),
                                     ^^^^^^^^^^^^^^^^^^^^^^^^^^^^^^^^^^^^^^^^^^^^
  File "/root/.ipykernel/8422/command-7126772865950099-3238292735", line 440, in process
    img = ImageUtils.safe_read_image(image_path)
          ^^^^^^^^^^^^^^^^^^^^^^^^^^
AttributeError: type object 'ImageUtils' has no attribute 'safe_read_image'
2025-04-09 22:22:06,851 INFO     Processing section: DAILY NUMBERS: OBSERVATION & INTERVENTION from dbfs:/mnt/mini-proj-dd/cropped_sections/page_1_section_10.png...
2025-04-09 22:22:06,852 ERROR    Error processing section 'DAILY NUMBERS: OBSERVATION & INTERVENTION': type object 'ImageUtils' has no attribute 'safe_read_image'
Traceback (most recent call last):
  File "/root/.ipykernel/8422/command-7126772865950109-1482612032", line 361, in main
    data_json, df = func(img_path, debug=debug)
                    ^^^^^^^^^^^^^^^^^^^^^^^^^^^
  File "/root/.ipykernel/8422/command-7126772865950109-1482612032", line 339, in <lambda>
    "DAILY NUMBERS: OBSERVATION & INTERVENTION": lambda path, debug: ObsIntPipeline.process(path, debug=debug),
                                                                     ^^^^^^^^^^^^^^^^^^^^^^^^^^^^^^^^^^^^^^^^^
  File "/root/.ipykernel/8422/command-7126772865950099-3238292735", line 393, in process
    img = ImageUtils.safe_read_image(image_path)
          ^^^^^^^^^^^^^^^^^^^^^^^^^^
AttributeError: type object 'ImageUtils' has no attribute 'safe_read_image'
2025-04-09 22:22:06,854 INFO     Processing section: BHA from dbfs:/mnt/mini-proj-dd/cropped_sections/page_1_section_11.png...
2025-04-09 22:22:06,855 ERROR    Error processing section 'BHA': type object 'ImageUtils' has no attribute 'safe_read_image_pil'
Traceback (most recent call last):
  File "/root/.ipykernel/8422/command-7126772865950109-1482612032", line 361, in main
    data_json, df = func(img_path, debug=debug)
                    ^^^^^^^^^^^^^^^^^^^^^^^^^^^
  File "/root/.ipykernel/8422/command-7126772865950109-1482612032", line 340, in <lambda>
    "BHA": lambda path, debug: BHAPipeline.process(path, debug=debug),
                               ^^^^^^^^^^^^^^^^^^^^^^^^^^^^^^^^^^^^^^
  File "/root/.ipykernel/8422/command-7126772865950099-3238292735", line 516, in process
    bha_json = BHAPipeline.extract_bha_data(image_path)
               ^^^^^^^^^^^^^^^^^^^^^^^^^^^^^^^^^^^^^^^^
  File "/root/.ipykernel/8422/command-7126772865950099-3238292735", line 458, in extract_bha_data
    image = ImageUtils.safe_read_image_pil(image_path)
            ^^^^^^^^^^^^^^^^^^^^^^^^^^^^^^
AttributeError: type object 'ImageUtils' has no attribute 'safe_read_image_pil'
2025-04-09 22:22:06,857 INFO     Processing section: PUMPS from dbfs:/mnt/mini-proj-dd/cropped_sections/page_1_section_12.png...
2025-04-09 22:22:18,176 INFO     OCR completed for Pumps.
2025-04-09 22:22:18,177 DEBUG    Parsed Pumps Table: []
2025-04-09 22:22:18,179 WARNING  Pumps: No match in segment:
Drilling/Circ Rate 1  Driling/Circ Rate 2
2025-04-09 22:22:18,179 DEBUG    Parsed Drilling Circ Rates: []
2025-04-09 22:22:18,181 INFO     Pumps processing completed.
2025-04-09 22:22:18,224 INFO     Section 'PUMPS' processed and saved.
2025-04-09 22:22:18,225 INFO     Processing section: COST DATA from dbfs:/mnt/mini-proj-dd/cropped_sections/page_1_section_13.png...
2025-04-09 22:22:18,226 ERROR    Error processing section 'COST DATA': type object 'ImageUtils' has no attribute 'safe_read_image'
Traceback (most recent call last):
  File "/root/.ipykernel/8422/command-7126772865950109-1482612032", line 361, in main
    data_json, df = func(img_path, debug=debug)
                    ^^^^^^^^^^^^^^^^^^^^^^^^^^^
  File "/root/.ipykernel/8422/command-7126772865950109-1482612032", line 342, in <lambda>
    "COST DATA": lambda path, debug: CostDataPipeline.process(path, debug=debug),
                                     ^^^^^^^^^^^^^^^^^^^^^^^^^^^^^^^^^^^^^^^^^^^
  File "/root/.ipykernel/8422/command-7126772865950099-3238292735", line 347, in process
    img = ImageUtils.safe_read_image(image_path)
          ^^^^^^^^^^^^^^^^^^^^^^^^^^
AttributeError: type object 'ImageUtils' has no attribute 'safe_read_image'
2025-04-09 22:22:18,229 INFO     Processing section: TIME BREAKDOWN from dbfs:/mnt/mini-proj-dd/cropped_sections/page_1_section_14.png...
2025-04-09 22:22:31,342 INFO     Section 'TIME BREAKDOWN' processed and saved.
2025-04-09 22:22:31,344 INFO     Processing section: CONSUMABLES from dbfs:/mnt/mini-proj-dd/cropped_sections/page_2_section_2.png...
2025-04-09 22:22:31,345 ERROR    Error processing section 'CONSUMABLES': type object 'ImageUtils' has no attribute 'safe_read_image'
Traceback (most recent call last):
  File "/root/.ipykernel/8422/command-7126772865950109-1482612032", line 361, in main
    data_json, df = func(img_path, debug=debug)
                    ^^^^^^^^^^^^^^^^^^^^^^^^^^^
  File "/root/.ipykernel/8422/command-7126772865950109-1482612032", line 344, in <lambda>
    "CONSUMABLES": lambda path, debug: ConsumablesPipeline.process(path, debug=debug),
                                       ^^^^^^^^^^^^^^^^^^^^^^^^^^^^^^^^^^^^^^^^^^^^^^
  File "/root/.ipykernel/8422/command-7126772865950099-3238292735", line 686, in process
    img = ImageUtils.safe_read_image(image_path)
          ^^^^^^^^^^^^^^^^^^^^^^^^^^
AttributeError: type object 'ImageUtils' has no attribute 'safe_read_image'
2025-04-09 22:22:31,348 INFO     Skipping section 'BIT INFO' — pipeline not implemented.
2025-04-09 22:22:31,395 INFO     Aggregated results saved to /dbfs/mnt/mini-proj-dd/final_results/aggregated_data.json and /dbfs/mnt/mini-proj-dd/final_results/aggregated_data.csv.
